INFO:     Started server process [32144]
INFO:     Waiting for application startup.
[07/23/26 11:01:54] INFO     StreamableHTTP      streamable_http_manager.py:131
                             session manager                                   
                             started                                           
INFO:     Application startup complete.
INFO:     Uvicorn running on http://127.0.0.1:8060 (Press CTRL+C to quit)
[07/23/26 11:02:14] INFO     Created new         streamable_http_manager.py:281
                             transport with                                    
                             session ID:                                       
                             c5fd002010cf45d2974                               
                             6dbdba4d826ea                                     
                    INFO     Processing request of type           server.py:733
                             CallToolRequest                                   
[07/23/26 11:02:17] INFO     Processing request of type           server.py:733
                             ListToolsRequest                                  
                    INFO     Processing request of type           server.py:733
                             CallToolRequest                                   
[07/23/26 11:02:18] INFO     Processing request of type           server.py:733
                             CallToolRequest                                   
                    INFO     Processing request of type           server.py:733
                             CallToolRequest                                   
                    INFO     Terminating session:        streamable_http.py:788
                             c5fd002010cf45d29746dbdba4d                       
                             826ea                                             
                    INFO     Created new         streamable_http_manager.py:281
                             transport with                                    
                             session ID:                                       
                             d982247ac28648e3bbc                               
                             129d2b1e5f594                                     
                    INFO     Processing request of type           server.py:733
                             CallToolRequest                                   
[07/23/26 11:02:26] INFO     Processing request of type           server.py:733
                             ListToolsRequest                                  
                    INFO     Terminating session:        streamable_http.py:788
                             d982247ac28648e3bbc129d2b1e                       
                             5f594                                             
